Performing C SOURCE FILE Test CMAKE_HAVE_LIBC_PTHREAD failed with the following output:
Change Dir: /home/wys/orangepi/UnderwaterRobotSystem/OrangePi_STM32_for_ROV/build/CMakeFiles/CMakeTmp

Run Build Command(s):/usr/bin/make cmTC_b8448/fast && /usr/bin/make -f CMakeFiles/cmTC_b8448.dir/build.make CMakeFiles/cmTC_b8448.dir/build
make[1]: 进入目录“/home/wys/orangepi/UnderwaterRobotSystem/OrangePi_STM32_for_ROV/build/CMakeFiles/CMakeTmp”
Building C object CMakeFiles/cmTC_b8448.dir/src.c.o
/usr/lib/ccache/cc   -DCMAKE_HAVE_LIBC_PTHREAD   -o CMakeFiles/cmTC_b8448.dir/src.c.o   -c /home/wys/orangepi/UnderwaterRobotSystem/OrangePi_STM32_for_ROV/build/CMakeFiles/CMakeTmp/src.c
Linking C executable cmTC_b8448
/usr/bin/cmake -E cmake_link_script CMakeFiles/cmTC_b8448.dir/link.txt --verbose=1
/usr/lib/ccache/cc  -DCMAKE_HAVE_LIBC_PTHREAD    CMakeFiles/cmTC_b8448.dir/src.c.o  -o cmTC_b8448 
/usr/bin/ld: CMakeFiles/cmTC_b8448.dir/src.c.o: in function `main':
src.c:(.text+0x46): undefined reference to `pthread_create'
/usr/bin/ld: src.c:(.text+0x52): undefined reference to `pthread_detach'
/usr/bin/ld: src.c:(.text+0x63): undefined reference to `pthread_join'
collect2: error: ld returned 1 exit status
make[1]: *** [CMakeFiles/cmTC_b8448.dir/build.make:87：cmTC_b8448] 错误 1
make[1]: 离开目录“/home/wys/orangepi/UnderwaterRobotSystem/OrangePi_STM32_for_ROV/build/CMakeFiles/CMakeTmp”
make: *** [Makefile:121：cmTC_b8448/fast] 错误 2


Source file was:
#include <pthread.h>

void* test_func(void* data)
{
  return data;
}

int main(void)
{
  pthread_t thread;
  pthread_create(&thread, NULL, test_func, NULL);
  pthread_detach(thread);
  pthread_join(thread, NULL);
  pthread_atfork(NULL, NULL, NULL);
  pthread_exit(NULL);

  return 0;
}

Determining if the function pthread_create exists in the pthreads failed with the following output:
Change Dir: /home/wys/orangepi/UnderwaterRobotSystem/OrangePi_STM32_for_ROV/build/CMakeFiles/CMakeTmp

Run Build Command(s):/usr/bin/make cmTC_54d17/fast && /usr/bin/make -f CMakeFiles/cmTC_54d17.dir/build.make CMakeFiles/cmTC_54d17.dir/build
make[1]: 进入目录“/home/wys/orangepi/UnderwaterRobotSystem/OrangePi_STM32_for_ROV/build/CMakeFiles/CMakeTmp”
Building C object CMakeFiles/cmTC_54d17.dir/CheckFunctionExists.c.o
/usr/lib/ccache/cc   -DCHECK_FUNCTION_EXISTS=pthread_create   -o CMakeFiles/cmTC_54d17.dir/CheckFunctionExists.c.o   -c /usr/share/cmake-3.16/Modules/CheckFunctionExists.c
Linking C executable cmTC_54d17
/usr/bin/cmake -E cmake_link_script CMakeFiles/cmTC_54d17.dir/link.txt --verbose=1
/usr/lib/ccache/cc  -DCHECK_FUNCTION_EXISTS=pthread_create    CMakeFiles/cmTC_54d17.dir/CheckFunctionExists.c.o  -o cmTC_54d17  -lpthreads 
/usr/bin/ld: 找不到 -lpthreads
collect2: error: ld returned 1 exit status
make[1]: *** [CMakeFiles/cmTC_54d17.dir/build.make:87：cmTC_54d17] 错误 1
make[1]: 离开目录“/home/wys/orangepi/UnderwaterRobotSystem/OrangePi_STM32_for_ROV/build/CMakeFiles/CMakeTmp”
make: *** [Makefile:121：cmTC_54d17/fast] 错误 2



